---
source: testing/unit/src/lib.rs
expression: output
---
[
    "h",
    "e",
    "l",
    "l",
    "o",
    " ",
    "😍",
    " ",
    "我",
    " ",
    "n",
    "a",
    "m",
    "e",
    " ",
    "i",
    "s",
    " ",
    "a\u{310}",
    " ",
    "e\u{301}",
    " ",
    "o\u{308}\u{332}",
    "\n",
    "w",
    "o",
    "w",
    "\n",
    "c",
    "o",
    "o",
    "l",
]
